[33mÔØ»[39m Building...
[32mÔ£ö[39m Building...
[35mBrowser bundles[39m     
[1mInitial chunk files[22m [2m | [22m[1mNames[22m                     [2m | [22m [1mRaw size[22m[2m | [22m[1mEstimated transfer size[22m
[32mchunk-34WN4IFW.js[39m   [2m | [22m[2m-[22m                         [2m | [22m[36m235.00 kB[39m[2m | [22m               [36m67.67 kB[39m
[32mstyles-LQWN2LKP.css[39m [2m | [22m[2mstyles[22m                    [2m | [22m[36m120.64 kB[39m[2m | [22m                [36m9.14 kB[39m
[32mmain-IGBXCQF7.js[39m    [2m | [22m[2mmain[22m                      [2m | [22m[36m108.12 kB[39m[2m | [22m               [36m26.28 kB[39m
[32mchunk-FEHOI4VB.js[39m   [2m | [22m[2m-[22m                         [2m | [22m [36m79.50 kB[39m[2m | [22m               [36m19.77 kB[39m
[32mchunk-CZW3Q7YF.js[39m   [2m | [22m[2m-[22m                         [2m | [22m [36m35.70 kB[39m[2m | [22m               [36m10.52 kB[39m
[32mchunk-C6Q5SG76.js[39m   [2m | [22m[2m-[22m                         [2m | [22m  [36m1.07 kB[39m[2m | [22m              [36m468 bytes[39m

[1m [22m                   [2m | [22m[1mInitial total[22m             [2m | [22m[1m[93m580.02 kB[39m[22m[2m | [22m              [1m133.85 kB[22m

[1mLazy chunk files[22m    [2m | [22m[1mNames[22m                     [2m | [22m [1mRaw size[22m[2m | [22m[1mEstimated transfer size[22m
[32mchunk-2RRPHVPW.js[39m   [2m | [22m[2m-[22m                         [2m | [22m[36m193.42 kB[39m[2m | [22m               [36m36.70 kB[39m
[32mchunk-NJ4M75KN.js[39m   [2m | [22m[2mleaflet-src[22m               [2m | [22m[36m149.55 kB[39m[2m | [22m               [36m37.61 kB[39m
[32mchunk-HIUUT4LD.js[39m   [2m | [22m[2m-[22m                         [2m | [22m[36m108.88 kB[39m[2m | [22m               [36m21.10 kB[39m
[32mchunk-YELEGJXV.js[39m   [2m | [22m[2m-[22m                         [2m | [22m [36m95.82 kB[39m[2m | [22m               [36m18.10 kB[39m
[32mchunk-LT2RLCNG.js[39m   [2m | [22m[2mgeolocation-module[22m        [2m | [22m [36m84.11 kB[39m[2m | [22m               [36m17.01 kB[39m
[32mchunk-A4KXVFEU.js[39m   [2m | [22m[2m-[22m                         [2m | [22m [36m74.21 kB[39m[2m | [22m               [36m21.00 kB[39m
[32mchunk-BVSD542T.js[39m   [2m | [22m[2m-[22m                         [2m | [22m [36m61.46 kB[39m[2m | [22m               [36m13.19 kB[39m
[32mchunk-ZXSBET4J.js[39m   [2m | [22m[2m-[22m                         [2m | [22m [36m60.25 kB[39m[2m | [22m               [36m10.53 kB[39m
[32mchunk-GXSZKISI.js[39m   [2m | [22m[2mcalendar-view-component[22m   [2m | [22m [36m57.66 kB[39m[2m | [22m               [36m12.88 kB[39m
[32mchunk-3FM45VH3.js[39m   [2m | [22m[2m-[22m                         [2m | [22m [36m45.73 kB[39m[2m | [22m                [36m9.28 kB[39m
[32mchunk-I3HTUR35.js[39m   [2m | [22m[2msession-event-module[22m      [2m | [22m [36m43.28 kB[39m[2m | [22m               [36m10.21 kB[39m
[32mchunk-BWKKPERK.js[39m   [2m | [22m[2meducational-content-module[22m[2m | [22m [36m42.80 kB[39m[2m | [22m                [36m8.40 kB[39m
[32mchunk-Z67TIL3P.js[39m   [2m | [22m[2madmin-routes[22m              [2m | [22m [36m35.52 kB[39m[2m | [22m                [36m7.12 kB[39m
[32mchunk-CP2QQJLD.js[39m   [2m | [22m[2m-[22m                         [2m | [22m [36m32.91 kB[39m[2m | [22m                [36m6.02 kB[39m
[32mchunk-T46Z76GP.js[39m   [2m | [22m[2mcalendar-component[22m        [2m | [22m [36m30.87 kB[39m[2m | [22m                [36m7.32 kB[39m
[2m...and 34 more lazy chunks files. Use "--verbose" to show all the files.[22m


[35mServer bundles[39m      
[1mInitial chunk files[22m [2m | [22m[1mNames[22m                     [2m | [22m [1mRaw size[22m
[32mserver.mjs[39m          [2m | [22m[2mserver[22m                    [2m | [22m[36m808.11 kB[39m[2m | [22m                       
[32mmain.server.mjs[39m     [2m | [22m[2mmain.server[22m               [2m | [22m[36m553.00 kB[39m[2m | [22m                       
[32mpolyfills.server.mjs[39m[2m | [22m[2mpolyfills.server[22m          [2m | [22m[36m233.48 kB[39m[2m | [22m                       
[32mchunk-XBUHTFPA.mjs[39m  [2m | [22m[2m-[22m                         [2m | [22m[36m233.38 kB[39m[2m | [22m                       
[32mchunk-ANQP7ZCL.mjs[39m  [2m | [22m[2m-[22m                         [2m | [22m [36m79.55 kB[39m[2m | [22m                       
[32mchunk-DXDAEWSX.mjs[39m  [2m | [22m[2m-[22m                         [2m | [22m [36m36.14 kB[39m[2m | [22m                       
[32mchunk-N7QBYMCK.mjs[39m  [2m | [22m[2m-[22m                         [2m | [22m  [36m1.36 kB[39m[2m | [22m                       
[32mchunk-L2MVFUKD.mjs[39m  [2m | [22m[2m-[22m                         [2m | [22m  [36m1.32 kB[39m[2m | [22m                       

[1mLazy chunk files[22m    [2m | [22m[1mNames[22m                     [2m | [22m [1mRaw size[22m
[32mchunk-CHBIJX5T.mjs[39m  [2m | [22m[2m-[22m                         [2m | [22m[36m193.46 kB[39m[2m | [22m                       
[32mchunk-72QMMIAV.mjs[39m  [2m | [22m[2mleaflet-src[22m               [2m | [22m[36m149.58 kB[39m[2m | [22m                       
[32mchunk-NOX7R645.mjs[39m  [2m | [22m[2m-[22m                         [2m | [22m[36m138.82 kB[39m[2m | [22m                       
[32mchunk-7NZSZEHK.mjs[39m  [2m | [22m[2m-[22m                         [2m | [22m[36m108.92 kB[39m[2m | [22m                       
[32mchunk-SYRYRIFM.mjs[39m  [2m | [22m[2m-[22m                         [2m | [22m [36m95.86 kB[39m[2m | [22m                       
[32mchunk-NMBGEXQM.mjs[39m  [2m | [22m[2mgeolocation-module[22m        [2m | [22m [36m84.16 kB[39m[2m | [22m                       
[32mchunk-FTPX2B5O.mjs[39m  [2m | [22m[2m-[22m                         [2m | [22m [36m61.50 kB[39m[2m | [22m                       
[32mchunk-2DJI5I7V.mjs[39m  [2m | [22m[2m-[22m                         [2m | [22m [36m60.29 kB[39m[2m | [22m                       
[32mchunk-GNEQ4P5T.mjs[39m  [2m | [22m[2mcalendar-view-component[22m   [2m | [22m [36m57.70 kB[39m[2m | [22m                       
[32mchunk-7MASI3LI.mjs[39m  [2m | [22m[2m-[22m                         [2m | [22m [36m45.76 kB[39m[2m | [22m                       
[32mchunk-WB5Y26QA.mjs[39m  [2m | [22m[2msession-event-module[22m      [2m | [22m [36m43.33 kB[39m[2m | [22m                       
[32mchunk-LDPE4EF5.mjs[39m  [2m | [22m[2meducational-content-module[22m[2m | [22m [36m42.85 kB[39m[2m | [22m                       
[32mchunk-6GXHHHDH.mjs[39m  [2m | [22m[2madmin-routes[22m              [2m | [22m [36m35.98 kB[39m[2m | [22m                       
[32mchunk-47A4K57Y.mjs[39m  [2m | [22m[2m-[22m                         [2m | [22m [36m32.94 kB[39m[2m | [22m                       
[32mchunk-VH5TXGYU.mjs[39m  [2m | [22m[2mcalendar-component[22m        [2m | [22m [36m30.91 kB[39m[2m | [22m                       
[2m...and 36 more lazy chunks files. Use "--verbose" to show all the files.[22m

[35mPrerendered 41 static routes.[39m
Application bundle generation failed. [13.317 seconds] - 2026-03-01T12:19:31.037Z

node.exe : [1m[33m[33mÔû▓ [43;33
m[[43;30mWARNING[43;33m][0m 
[1mNG8107: The left side of this 
optional chain operation does not 
include 'null' or 'undefined' in 
its type, therefore the '?.' 
operator can be replaced with the 
'.' operator.[0m [1m[35m[plugin 
angular-compiler][0m
Au caractère C:\Users\HP\AppData\Roa
ming\npm\ng.ps1:24 : 5
+     & "node$exe"  "$basedir/node_m
odules/@angular/cli/bin/ng.js" $arg 
...
+     ~~~~~~~~~~~~~~~~~~~~~~~~~~~~~~
~~~~~~~~~~~~~~~~~~~~~~~~~~~~~~~~~~~
    + CategoryInfo          : NotSp 
   ecified: ([1m[33m[33mÔ...r-c  
  ompiler][0m:String) [], Remote   
 Exception
    + FullyQualifiedErrorId : Nativ 
   eCommandError
 

    src/app/alzheimer_meeting/consul
tation/session-detail.component.ts:2
1:69:
[37m      21 Ôöé 
...[ngClass]="'badge-' + (session.ty
pe?.[32mtoLowerCase[37m() || 
'general')">
         ÔòÁ                        
                 
[32m~~~~~~~~~~~[0m


[33mÔû▓ [43;33m[[43;30mWARNING[4
3;33m][0m [1mbundle initial 
exceeded maximum budget. Budget 
500.00 kB was not met by 80.02 kB 
with a total of 580.02 kB.[0m


[33mÔû▓ [43;33m[[43;30mWARNING[4
3;33m][0m [1mangular:styles/compon
ent:css;7c635c2682ba6c30a59fe4a581a6
f312efd866426f40bdda96c962ccf4e94c7c
;C:/FakarniApp/frontend/src/app/alzh
eimer_meeting/sessions/calendar-view
.component.ts exceeded maximum 
budget. Budget 4.00 kB was not met 
by 1.62 kB with a total of 5.62 
kB.[0m


[33mÔû▓ [43;33m[[43;30mWARNING[4
3;33m][0m [1msrc/app/alzheimer_mee
ting/consultation/favorites.componen
t.css exceeded maximum budget. 
Budget 4.00 kB was not met by 115 
bytes with a total of 4.12 kB.[0m


[33mÔû▓ [43;33m[[43;30mWARNING[4
3;33m][0m 
[1msrc/app/home/home.component.css 
exceeded maximum budget. Budget 
4.00 kB was not met by 5.85 kB with 
a total of 9.85 kB.[0m


[33mÔû▓ [43;33m[[43;30mWARNING[4
3;33m][0m [1msrc/app/alzheimer_mee
ting/consultation/calendar.component
.css exceeded maximum budget. 
Budget 4.00 kB was not met by 4.57 
kB with a total of 8.57 kB.[0m


[33mÔû▓ [43;33m[[43;30mWARNING[4
3;33m][0m [1mModule 
'sockjs-client' used by 'src/app/alz
heimer_meeting/meeting/video-session
.service.ts' is not ESM[0m

  CommonJS or AMD dependencies can 
cause optimization bailouts.
  For more information see: [4mhttp
s://angular.dev/tools/cli/build#conf
iguring-commonjs-dependencies[0m


[33mÔû▓ [43;33m[[43;30mWARNING[4
3;33m][0m [1mModule 'leaflet' 
used by 'src/app/admin/features/geol
ocation/components/zone-management/z
one-management.component.ts' is not 
ESM[0m

  CommonJS or AMD dependencies can 
cause optimization bailouts.
  For more information see: [4mhttp
s://angular.dev/tools/cli/build#conf
iguring-commonjs-dependencies[0m

[39m[22m
[1m[31m[31mX 
[41;31m[[41;97mERROR[41;31m][0m 
[1msrc/app/home/home.component.css 
exceeded maximum budget. Budget 
8.00 kB was not met by 1.85 kB with 
a total of 9.85 kB.[0m


[31mX 
[41;31m[[41;97mERROR[41;31m][0m 
[1msrc/app/alzheimer_meeting/consul
tation/calendar.component.css 
exceeded maximum budget. Budget 
8.00 kB was not met by 567 bytes 
with a total of 8.57 kB.[0m


[31mX 
[41;31m[[41;97mERROR[41;31m][0m 
[1mThe 'admin/medical-monitoring/pa
tients/:id' route uses prerendering 
and includes parameters, but 
'getPrerenderParams' is missing. 
Please define 'getPrerenderParams' 
function for this route in your 
server routing configuration or 
specify a different 
'renderMode'.[0m

[39m[22m
